<?xml version="1.0" encoding="UTF-8"?>
<TestRun id="bc094847-337a-425a-bd92-b1e53d2aebde" name="Desenvolvimento@PC-01 2011-05-10 10:07:28" runUser="PC-01\Desenvolvimento" xmlns="http://microsoft.com/schemas/VisualStudio/TeamTest/2010">
  <TestSettings name="Local" id="2de01068-1f57-4bd2-9a6b-0c6273408b55">
    <Description>These are default test settings for a local test run.</Description>
    <Deployment enabled="false" runDeploymentRoot="Desenvolvimento_PC-01 2011-05-10 10_07_28">
      <DeploymentItem filename="D:\Pós juliano\Strategy\Strategy\bin\Debug\Strategy.exe" />
    </Deployment>
    <Execution>
      <TestTypeSpecific />
      <AgentRule name="Execution Agents">
      </AgentRule>
    </Execution>
  </TestSettings>
  <Times creation="2011-05-10T10:07:28.6450059-03:00" queuing="2011-05-10T10:07:29.7700702-03:00" start="2011-05-10T10:07:29.8520749-03:00" finish="2011-05-10T10:07:31.7551838-03:00" />
  <ResultSummary outcome="Completed">
    <Counters total="1" executed="1" passed="1" error="0" failed="0" timeout="0" aborted="0" inconclusive="0" passedButRunAborted="0" notRunnable="0" notExecuted="0" disconnected="0" warning="0" completed="0" inProgress="0" pending="0" />
  </ResultSummary>
  <TestDefinitions>
    <UnitTest name="TestMethod1" storage="d:\pós juliano\strategy\teststrategy\bin\debug\teststrategy.dll" id="fe5c1ba6-a21a-a3e9-dcfe-34d1876b1552">
      <Execution id="6314f4df-6c84-42bb-a7b5-c3e6d094ddec" />
      <TestMethod codeBase="D:/Pós juliano/Strategy/TestStrategy/bin/Debug/TestStrategy.DLL" adapterTypeName="Microsoft.VisualStudio.TestTools.TestTypes.Unit.UnitTestAdapter, Microsoft.VisualStudio.QualityTools.Tips.UnitTest.Adapter, Version=10.0.0.0, Culture=neutral, PublicKeyToken=b03f5f7f11d50a3a" className="TestStrategy.UnitTest1, TestStrategy, Version=1.0.0.0, Culture=neutral, PublicKeyToken=null" name="TestMethod1" />
    </UnitTest>
  </TestDefinitions>
  <TestLists>
    <TestList name="Results Not in a List" id="8c84fa94-04c1-424b-9868-57a2d4851a1d" />
    <TestList name="All Loaded Results" id="19431567-8539-422a-85d7-44ee4e166bda" />
  </TestLists>
  <TestEntries>
    <TestEntry testId="fe5c1ba6-a21a-a3e9-dcfe-34d1876b1552" executionId="6314f4df-6c84-42bb-a7b5-c3e6d094ddec" testListId="8c84fa94-04c1-424b-9868-57a2d4851a1d" />
  </TestEntries>
  <Results>
    <UnitTestResult executionId="6314f4df-6c84-42bb-a7b5-c3e6d094ddec" testId="fe5c1ba6-a21a-a3e9-dcfe-34d1876b1552" testName="TestMethod1" computerName="PC-01" duration="00:00:00.0243937" startTime="2011-05-10T10:07:29.8990776-03:00" endTime="2011-05-10T10:07:31.5821739-03:00" testType="13cdc9d9-ddb5-4fa4-a97d-d965ccfc6d4b" outcome="Passed" testListId="8c84fa94-04c1-424b-9868-57a2d4851a1d" relativeResultsDirectory="6314f4df-6c84-42bb-a7b5-c3e6d094ddec">
      <Output>
        <StdOut>QuickSorted list 
 Anna
 Jimmy
 Samual
 Sandra
 Vivek

ShellSorted list 
 Anna
 Jimmy
 Samual
 Sandra
 Vivek

MergeSorted list 
 Anna
 Jimmy
 Samual
 Sandra
 Vivek</StdOut>
      </Output>
    </UnitTestResult>
  </Results>
</TestRun>